# No errors - all issues resolved
